---DERIVATION---
DataGalaxy=1
$AnalogDevice=1
$FieldReference=1
$Boolean=3
$dwGenAnalogInOut=2
$DiscreteDevice=2
$dwGenAnalogIn=2
---CATEGORIES---
DataGalaxy=1
2=1
180=1
$AnalogDevice=2
$Boolean=2
